version https://git-lfs.github.com/spec/v1
oid sha256:f76dbff00f04513e66bd763c629061c6e6acfd60c438c11c1888f7636d5630b9
size 6694
