version https://git-lfs.github.com/spec/v1
oid sha256:19fa37cf8e0ae3ea86fb37b275ce0650b09c12e678eac7550e880fb8dadb90df
size 6089
