version https://git-lfs.github.com/spec/v1
oid sha256:ee9b6b275369481fc6f18bafeba844db267fe55b53aff46869c6b77abde33d32
size 2997
