version https://git-lfs.github.com/spec/v1
oid sha256:425aab70f15d201bafc5c0c228872f263db9b3756828b726ffce07e082f9a5e3
size 6085
