version https://git-lfs.github.com/spec/v1
oid sha256:0fb5b80233ae300ebac83715680e2d85db4dda0568308b739e6faad2b8b98163
size 1715
