version https://git-lfs.github.com/spec/v1
oid sha256:6bcfb14c665de53088c406b60d19a3e1cea51ec1ccb9956e12eaa7e0af8bf3f2
size 11453
