version https://git-lfs.github.com/spec/v1
oid sha256:bffba00347e91a44e6c0985bd9824d3842932fd73a2857a7ae56ceff125b42e1
size 8173
