version https://git-lfs.github.com/spec/v1
oid sha256:58321270cd96ccde8189a71a8f89a14deb5cc3803e59a1692499b792bae1f446
size 2004
