version https://git-lfs.github.com/spec/v1
oid sha256:5b9edda1fb1019fc5f4ea463e2f0659c018d3e61d7582b7835d6876976bde4ad
size 6642
