version https://git-lfs.github.com/spec/v1
oid sha256:1fc3ee8fe0048b07c9f9eeb98373f5f67d70be19bab934bf23ef2699f0b0e516
size 1741
