version https://git-lfs.github.com/spec/v1
oid sha256:bb5bc9dc0aaf7be9f7bc85a6eae344f636ca9dd410128570c43450aeaa273194
size 5758
