version https://git-lfs.github.com/spec/v1
oid sha256:f384a36c55b141dd8ce82ebee4c11ef1a51be90c5cc9b6049ddb99cafdce5c14
size 4588
