version https://git-lfs.github.com/spec/v1
oid sha256:5e456e846f511945a7b078d380339cc1476315727854018efd571eac0cc30fc0
size 9814
