version https://git-lfs.github.com/spec/v1
oid sha256:53d156b6f342d2fdce9601bbe3d9eb7895cc033c266f08532c3c6f8d54ae0e49
size 1798
