version https://git-lfs.github.com/spec/v1
oid sha256:d3f9df9b6b7e886571598f58d489882c5c945ec6f9694c3128fffa35de8cf522
size 4584
