version https://git-lfs.github.com/spec/v1
oid sha256:4ef8f412ca1cbdfcdbd2025d9a13f99895cae3d6b7197c59b09761cecb793d72
size 4534
