version https://git-lfs.github.com/spec/v1
oid sha256:1268cb6befb84867f7782f1b7008bc788d3c999e6a58bdbec26d8aa862c55615
size 9292
