version https://git-lfs.github.com/spec/v1
oid sha256:387d2667c730de26b6f5df0a18c14fc910b0f61429b53c91280c3e61fd0c070b
size 3032
