version https://git-lfs.github.com/spec/v1
oid sha256:dc72d437a798bdbfc6fbbb30916664236ed6b141eab09fbc969ff52386b71f3b
size 1774
