version https://git-lfs.github.com/spec/v1
oid sha256:726624c08ee2ac3ee884f08551ab8514954af17f3ffc264d69f51912c608c936
size 4237
