version https://git-lfs.github.com/spec/v1
oid sha256:925ac007838385aaaf24d49c352ba09d3f664edcef61e81fa40152de50613f57
size 1782
