version https://git-lfs.github.com/spec/v1
oid sha256:238094bf102f3c4f0e12287fec7e9754f82e92a08206c327bdc7db76288a4418
size 3306
