version https://git-lfs.github.com/spec/v1
oid sha256:d3cdba25db5ca09823326bc7b0ceebc3cb87e1c5a2759e2dbd9bcc8e7ae97d71
size 9595
