version https://git-lfs.github.com/spec/v1
oid sha256:76e5e3de76eabaa7ed396bc85739721de76ad816689f390e85dab572c2b5e43d
size 1598
