version https://git-lfs.github.com/spec/v1
oid sha256:6a15d11fe88a67c1bc8595f51dc98ffb1117d49200899b9e7f4812166925c698
size 7901
