version https://git-lfs.github.com/spec/v1
oid sha256:3ece337aad23ea5db3fbc56fcd4e378eeab45bba5c095fd765e74cad2217e66a
size 830
