version https://git-lfs.github.com/spec/v1
oid sha256:10fed224ad6c39afda9c7c8f1f7cb913378c370423647bd89615abc2a291a4ea
size 2060
