version https://git-lfs.github.com/spec/v1
oid sha256:a2f4195050782079798c852167832111e4f746cd7dc0a5a2b44985afd19f3329
size 973
