version https://git-lfs.github.com/spec/v1
oid sha256:a18e28cae85f2a98b3ed3b27b9d5080ebc8c20b7c51f4ba9755a2ef6652c24ae
size 4205
