version https://git-lfs.github.com/spec/v1
oid sha256:f14471ffe1aecca786424d17e9e252ca09ad40257af11abcf03a7ba21593ca25
size 1614
